
> foodsatety-backend@0.0.1 build
> nest build

npm : [96msrc/modules/feedback/feedback.service.ts[0m:[93m23[0m:[93m18[0m - [91merror[0m[90m TS2353: [0mObjec
t literal may only specify known properties, and 'repliedBy' does not exist in type 'FeedbackInclude<DefaultArgs>'.
所在位置 行:1 字符: 126
+ ... UTF8; cd D:\foodsatety\foodsatety-backend; npm run build 2>&1 | Out-F ...
+                                                ~~~~~~~~~~~~~~~~~~
    + CategoryInfo          : NotSpecified: ([96msrc/module...<DefaultArgs>'.:String) [], RemoteException
    + FullyQualifiedErrorId : NativeCommandError
 

[7m23[0m       include: { repliedBy: true },
[7m  [0m [91m                 ~~~~~~~~~[0m

  [96mnode_modules/.prisma/client/index.d.ts[0m:[93m27884[0m:[93m5[0m
    [7m27884[0m     include?: FeedbackInclude<ExtArgs> | null
    [7m     [0m [96m    ~~~~~~~[0m
    The expected type comes from property 'include' which is declared here on type '{ select?: FeedbackSelect<DefaultAr
gs> | null | undefined; omit?: FeedbackOmit<DefaultArgs> | null | undefined; include?: FeedbackInclude<...> | ... 1 mor
e ... | undefined; data: (Without<...> & FeedbackUncheckedCreateInput) | (Without<...> & FeedbackCreateInput); }'
[96msrc/modules/feedback/feedback.service.ts[0m:[93m34[0m:[93m18[0m - [91merror[0m[90m TS2353: [0mObject lite
ral may only specify known properties, and 'repliedBy' does not exist in type 'FeedbackInclude<DefaultArgs>'.

[7m34[0m       include: { repliedBy: true },
[7m  [0m [91m                 ~~~~~~~~~[0m
[96msrc/modules/feedback/feedback.service.ts[0m:[93m41[0m:[93m18[0m - [91merror[0m[90m TS2353: [0mObject lite
ral may only specify known properties, and 'repliedBy' does not exist in type 'FeedbackInclude<DefaultArgs>'.

[7m41[0m       include: { repliedBy: true },
[7m  [0m [91m                 ~~~~~~~~~[0m

  [96mnode_modules/.prisma/client/index.d.ts[0m:[93m27684[0m:[93m5[0m
    [7m27684[0m     include?: FeedbackInclude<ExtArgs> | null
    [7m     [0m [96m    ~~~~~~~[0m
    The expected type comes from property 'include' which is declared here on type '{ select?: FeedbackSelect<DefaultAr
gs> | null | undefined; omit?: FeedbackOmit<DefaultArgs> | null | undefined; include?: FeedbackInclude<...> | ... 1 mor
e ... | undefined; where: FeedbackWhereUniqueInput; }'
[96msrc/modules/feedback/feedback.service.ts[0m:[93m61[0m:[93m18[0m - [91merror[0m[90m TS2353: [0mObject lite
ral may only specify known properties, and 'repliedBy' does not exist in type 'FeedbackInclude<DefaultArgs>'.

[7m61[0m       include: { repliedBy: true },
[7m  [0m [91m                 ~~~~~~~~~[0m

  [96mnode_modules/.prisma/client/index.d.ts[0m:[93m27917[0m:[93m5[0m
    [7m27917[0m     include?: FeedbackInclude<ExtArgs> | null
    [7m     [0m [96m    ~~~~~~~[0m
    The expected type comes from property 'include' which is declared here on type '{ select?: FeedbackSelect<DefaultAr
gs> | null | undefined; omit?: FeedbackOmit<DefaultArgs> | null | undefined; include?: FeedbackInclude<...> | ... 1 mor
e ... | undefined; data: (Without<...> & FeedbackUncheckedUpdateInput) | (Without<...> & FeedbackUpdateInput); where: F
eedbackWhereUniqueInput; }'
[96msrc/modules/feedback/feedback.service.ts[0m:[93m82[0m:[93m18[0m - [91merror[0m[90m TS2353: [0mObject lite
ral may only specify known properties, and 'repliedBy' does not exist in type 'FeedbackInclude<DefaultArgs>'.

[7m82[0m       include: { repliedBy: true },
[7m  [0m [91m                 ~~~~~~~~~[0m

  [96mnode_modules/.prisma/client/index.d.ts[0m:[93m27917[0m:[93m5[0m
    [7m27917[0m     include?: FeedbackInclude<ExtArgs> | null
    [7m     [0m [96m    ~~~~~~~[0m
    The expected type comes from property 'include' which is declared here on type '{ select?: FeedbackSelect<DefaultAr
gs> | null | undefined; omit?: FeedbackOmit<DefaultArgs> | null | undefined; include?: FeedbackInclude<...> | ... 1 mor
e ... | undefined; data: (Without<...> & FeedbackUncheckedUpdateInput) | (Without<...> & FeedbackUpdateInput); where: F
eedbackWhereUniqueInput; }'

Found 5 error(s).

